0 verbose cli C:\Program Files\nodejs\node.exe C:\Program Files\nodejs\node_modules\npm\bin\npm-cli.js
1 info using npm@11.11.0
2 info using node@v24.14.1
3 silly config load:file:C:\Program Files\nodejs\node_modules\npm\npmrc
4 silly config load:file:C:\Users\ADMIN\Desktop\Abhaya\backend\.npmrc
5 silly config load:file:C:\Users\ADMIN\.npmrc
6 silly config load:file:C:\Users\ADMIN\AppData\Roaming\npm\etc\npmrc
7 verbose title npm install
8 verbose argv "install" "--cache" ".\\.npm-cache"
9 verbose logfile logs-max:10 dir:C:\Users\ADMIN\Desktop\Abhaya\backend\.npm-cache\_logs\2026-04-23T17_38_55_134Z-
10 verbose logfile C:\Users\ADMIN\Desktop\Abhaya\backend\.npm-cache\_logs\2026-04-23T17_38_55_134Z-debug-0.log
11 silly logfile done cleaning log files
12 silly packumentCache heap:4496293888 maxSize:1124073472 maxEntrySize:562036736
13 silly idealTree buildDeps
14 silly fetch manifest nodemailer@^6.9.16
15 silly packumentCache full:https://registry.npmjs.org/nodemailer cache-miss
16 http fetch GET https://registry.npmjs.org/nodemailer attempt 1 failed with EACCES
17 http fetch GET https://registry.npmjs.org/nodemailer attempt 2 failed with EACCES
18 http fetch GET https://registry.npmjs.org/nodemailer attempt 3 failed with EACCES
19 silly placeDep ROOT nodemailer@ OK for: safeguard-backend@1.0.0 want: ^6.9.16
20 verbose type system
21 verbose stack FetchError: request to https://registry.npmjs.org/nodemailer failed, reason: 
21 verbose stack     at ClientRequest.<anonymous> (C:\Program Files\nodejs\node_modules\npm\node_modules\minipass-fetch\lib\index.js:130:14)
21 verbose stack     at ClientRequest.emit (node:events:508:28)
21 verbose stack     at emitErrorEvent (node:_http_client:108:11)
21 verbose stack     at _destroy (node:_http_client:963:9)
21 verbose stack     at onSocketNT (node:_http_client:983:5)
21 verbose stack     at process.processTicksAndRejections (node:internal/process/task_queues:91:21)
22 error code EACCES
23 error errno EACCES
24 error FetchError: request to https://registry.npmjs.org/nodemailer failed, reason: 
24 error     at ClientRequest.<anonymous> (C:\Program Files\nodejs\node_modules\npm\node_modules\minipass-fetch\lib\index.js:130:14)
24 error     at ClientRequest.emit (node:events:508:28)
24 error     at emitErrorEvent (node:_http_client:108:11)
24 error     at _destroy (node:_http_client:963:9)
24 error     at onSocketNT (node:_http_client:983:5)
24 error     at process.processTicksAndRejections (node:internal/process/task_queues:91:21) {
24 error   code: 'EACCES',
24 error   errno: 'EACCES',
24 error   type: 'system',
24 error   requiredBy: '.'
24 error }
25 error
25 error The operation was rejected by your operating system.
25 error It's possible that the file was already in use (by a text editor or antivirus),
25 error or that you lack permissions to access it.
25 error
25 error If you believe this might be a permissions issue, please double-check the
25 error permissions of the file and its containing directories, or try running
25 error the command again as root/Administrator.
26 silly unfinished npm timer reify 1776965935592
27 silly unfinished npm timer reify:loadTrees 1776965935597
28 verbose cwd C:\Users\ADMIN\Desktop\Abhaya\backend
29 verbose os Windows_NT 10.0.26200
30 verbose node v24.14.1
31 verbose npm  v11.11.0
32 verbose exit 1
33 verbose code 1
34 error A complete log of this run can be found in: C:\Users\ADMIN\Desktop\Abhaya\backend\.npm-cache\_logs\2026-04-23T17_38_55_134Z-debug-0.log
